Archive member included to satisfy reference by file (symbol)

c:/program files (x86)/atollic/truestudio for stm32 9.0.1/armtools/bin/../lib/gcc/arm-atollic-eabi/6.3.1/../../../../arm-atollic-eabi/lib/armv7e-m/fpu\libc_nano.a(lib_a-init.o)
                              startup\startup_stm32l476xx.o (__libc_init_array)
c:/program files (x86)/atollic/truestudio for stm32 9.0.1/armtools/bin/../lib/gcc/arm-atollic-eabi/6.3.1/armv7e-m/fpu\libgcc.a(_aeabi_uldivmod.o)
                              Drivers\STM32L4xx_HAL_Driver\Src\stm32l4xx_hal_uart.o (__aeabi_uldivmod)
c:/program files (x86)/atollic/truestudio for stm32 9.0.1/armtools/bin/../lib/gcc/arm-atollic-eabi/6.3.1/armv7e-m/fpu\libgcc.a(_udivmoddi4.o)
                              c:/program files (x86)/atollic/truestudio for stm32 9.0.1/armtools/bin/../lib/gcc/arm-atollic-eabi/6.3.1/armv7e-m/fpu\libgcc.a(_aeabi_uldivmod.o) (__udivmoddi4)
c:/program files (x86)/atollic/truestudio for stm32 9.0.1/armtools/bin/../lib/gcc/arm-atollic-eabi/6.3.1/armv7e-m/fpu\libgcc.a(_dvmd_tls.o)
                              c:/program files (x86)/atollic/truestudio for stm32 9.0.1/armtools/bin/../lib/gcc/arm-atollic-eabi/6.3.1/armv7e-m/fpu\libgcc.a(_aeabi_uldivmod.o) (__aeabi_ldiv0)

Allocating common symbols
Common symbol       size              file

htim8               0x40              Src\main.o
hdac1               0x14              Src\main.o
uwTick              0x4               Drivers\STM32L4xx_HAL_Driver\Src\stm32l4xx_hal.o
hadc3               0x64              Src\main.o
huart2              0x78              Src\main.o

Discarded input sections

 .text          0x00000000        0x0 c:/program files (x86)/atollic/truestudio for stm32 9.0.1/armtools/bin/../lib/gcc/arm-atollic-eabi/6.3.1/armv7e-m/fpu/crti.o
 .data          0x00000000        0x0 c:/program files (x86)/atollic/truestudio for stm32 9.0.1/armtools/bin/../lib/gcc/arm-atollic-eabi/6.3.1/armv7e-m/fpu/crti.o
 .bss           0x00000000        0x0 c:/program files (x86)/atollic/truestudio for stm32 9.0.1/armtools/bin/../lib/gcc/arm-atollic-eabi/6.3.1/armv7e-m/fpu/crti.o
 .data          0x00000000        0x4 c:/program files (x86)/atollic/truestudio for stm32 9.0.1/armtools/bin/../lib/gcc/arm-atollic-eabi/6.3.1/armv7e-m/fpu/crtbegin.o
 .text          0x00000000        0x0 Drivers\STM32L4xx_HAL_Driver\Src\stm32l4xx_hal.o
 .data          0x00000000        0x0 Drivers\STM32L4xx_HAL_Driver\Src\stm32l4xx_hal.o
 .bss           0x00000000        0x0 Drivers\STM32L4xx_HAL_Driver\Src\stm32l4xx_hal.o
 .text.HAL_DeInit
                0x00000000       0x58 Drivers\STM32L4xx_HAL_Driver\Src\stm32l4xx_hal.o
 .text.HAL_MspInit
                0x00000000        0xe Drivers\STM32L4xx_HAL_Driver\Src\stm32l4xx_hal.o
 .text.HAL_MspDeInit
                0x00000000        0xe Drivers\STM32L4xx_HAL_Driver\Src\stm32l4xx_hal.o
 .text.HAL_SuspendTick
                0x00000000       0x20 Drivers\STM32L4xx_HAL_Driver\Src\stm32l4xx_hal.o
 .text.HAL_ResumeTick
                0x00000000       0x20 Drivers\STM32L4xx_HAL_Driver\Src\stm32l4xx_hal.o
 .text.HAL_GetHalVersion
                0x00000000       0x14 Drivers\STM32L4xx_HAL_Driver\Src\stm32l4xx_hal.o
 .text.HAL_GetREVID
                0x00000000       0x1c Drivers\STM32L4xx_HAL_Driver\Src\stm32l4xx_hal.o
 .text.HAL_GetDEVID
                0x00000000       0x1c Drivers\STM32L4xx_HAL_Driver\Src\stm32l4xx_hal.o
 .text.HAL_GetUIDw0
                0x00000000       0x18 Drivers\STM32L4xx_HAL_Driver\Src\stm32l4xx_hal.o
 .text.HAL_GetUIDw1
                0x00000000       0x18 Drivers\STM32L4xx_HAL_Driver\Src\stm32l4xx_hal.o
 .text.HAL_GetUIDw2
                0x00000000       0x18 Drivers\STM32L4xx_HAL_Driver\Src\stm32l4xx_hal.o
 .text.HAL_DBGMCU_EnableDBGSleepMode
                0x00000000       0x20 Drivers\STM32L4xx_HAL_Driver\Src\stm32l4xx_hal.o
 .text.HAL_DBGMCU_DisableDBGSleepMode
                0x00000000       0x20 Drivers\STM32L4xx_HAL_Driver\Src\stm32l4xx_hal.o
 .text.HAL_DBGMCU_EnableDBGStopMode
                0x00000000       0x20 Drivers\STM32L4xx_HAL_Driver\Src\stm32l4xx_hal.o
 .text.HAL_DBGMCU_DisableDBGStopMode
                0x00000000       0x20 Drivers\STM32L4xx_HAL_Driver\Src\stm32l4xx_hal.o
 .text.HAL_DBGMCU_EnableDBGStandbyMode
                0x00000000       0x20 Drivers\STM32L4xx_HAL_Driver\Src\stm32l4xx_hal.o
 .text.HAL_DBGMCU_DisableDBGStandbyMode
                0x00000000       0x20 Drivers\STM32L4xx_HAL_Driver\Src\stm32l4xx_hal.o
 .text.HAL_SYSCFG_SRAM2Erase
                0x00000000       0x28 Drivers\STM32L4xx_HAL_Driver\Src\stm32l4xx_hal.o
 .text.HAL_SYSCFG_EnableMemorySwappingBank
                0x00000000       0x18 Drivers\STM32L4xx_HAL_Driver\Src\stm32l4xx_hal.o
 .text.HAL_SYSCFG_DisableMemorySwappingBank
                0x00000000       0x18 Drivers\STM32L4xx_HAL_Driver\Src\stm32l4xx_hal.o
 .text.HAL_SYSCFG_VREFBUF_VoltageScalingConfig
                0x00000000       0x28 Drivers\STM32L4xx_HAL_Driver\Src\stm32l4xx_hal.o
[...]
Memory Configuration

Name             Origin             Length             Attributes
RAM              0x20000000         0x00018000         xrw
RAM2             0x10000000         0x00008000         xrw
FLASH            0x08000000         0x00100000         xr
*default*        0x00000000         0xffffffff

Linker script and memory map

LOAD c:/program files (x86)/atollic/truestudio for stm32 9.0.1/armtools/bin/../lib/gcc/arm-atollic-eabi/6.3.1/armv7e-m/fpu/crti.o
LOAD c:/program files (x86)/atollic/truestudio for stm32 9.0.1/armtools/bin/../lib/gcc/arm-atollic-eabi/6.3.1/armv7e-m/fpu/crtbegin.o
LOAD Drivers\STM32L4xx_HAL_Driver\Src\stm32l4xx_hal.o
LOAD Drivers\STM32L4xx_HAL_Driver\Src\stm32l4xx_hal_adc.o
LOAD Drivers\STM32L4xx_HAL_Driver\Src\stm32l4xx_hal_adc_ex.o
LOAD Drivers\STM32L4xx_HAL_Driver\Src\stm32l4xx_hal_cortex.o
LOAD Drivers\STM32L4xx_HAL_Driver\Src\stm32l4xx_hal_dac.o
LOAD Drivers\STM32L4xx_HAL_Driver\Src\stm32l4xx_hal_dac_ex.o
LOAD Drivers\STM32L4xx_HAL_Driver\Src\stm32l4xx_hal_dma.o
LOAD Drivers\STM32L4xx_HAL_Driver\Src\stm32l4xx_hal_dma_ex.o
LOAD Drivers\STM32L4xx_HAL_Driver\Src\stm32l4xx_hal_flash.o
LOAD Drivers\STM32L4xx_HAL_Driver\Src\stm32l4xx_hal_flash_ex.o
LOAD Drivers\STM32L4xx_HAL_Driver\Src\stm32l4xx_hal_flash_ramfunc.o
LOAD Drivers\STM32L4xx_HAL_Driver\Src\stm32l4xx_hal_gpio.o
LOAD Drivers\STM32L4xx_HAL_Driver\Src\stm32l4xx_hal_i2c.o
LOAD Drivers\STM32L4xx_HAL_Driver\Src\stm32l4xx_hal_i2c_ex.o
LOAD Drivers\STM32L4xx_HAL_Driver\Src\stm32l4xx_hal_pwr.o
LOAD Drivers\STM32L4xx_HAL_Driver\Src\stm32l4xx_hal_pwr_ex.o
LOAD Drivers\STM32L4xx_HAL_Driver\Src\stm32l4xx_hal_rcc.o
LOAD Drivers\STM32L4xx_HAL_Driver\Src\stm32l4xx_hal_rcc_ex.o
LOAD Drivers\STM32L4xx_HAL_Driver\Src\stm32l4xx_hal_tim.o
LOAD Drivers\STM32L4xx_HAL_Driver\Src\stm32l4xx_hal_tim_ex.o
LOAD Drivers\STM32L4xx_HAL_Driver\Src\stm32l4xx_hal_uart.o
LOAD Drivers\STM32L4xx_HAL_Driver\Src\stm32l4xx_hal_uart_ex.o
LOAD Src\main.o
LOAD Src\stm32l4xx_hal_msp.o
LOAD Src\stm32l4xx_it.o
LOAD Src\system_stm32l4xx.o
LOAD startup\startup_stm32l476xx.o
                0x00000080                malloc_getpagesize_P = 0x80
START GROUP
LOAD c:/program files (x86)/atollic/truestudio for stm32 9.0.1/armtools/bin/../lib/gcc/arm-atollic-eabi/6.3.1/../../../../arm-atollic-eabi/lib/armv7e-m/fpu\libc_nano.a
LOAD c:/program files (x86)/atollic/truestudio for stm32 9.0.1/armtools/bin/../lib/gcc/arm-atollic-eabi/6.3.1/../../../../arm-atollic-eabi/lib/armv7e-m/fpu\libm.a
END GROUP
START GROUP
LOAD c:/program files (x86)/atollic/truestudio for stm32 9.0.1/armtools/bin/../lib/gcc/arm-atollic-eabi/6.3.1/armv7e-m/fpu\libgcc.a
LOAD c:/program files (x86)/atollic/truestudio for stm32 9.0.1/armtools/bin/../lib/gcc/arm-atollic-eabi/6.3.1/../../../../arm-atollic-eabi/lib/armv7e-m/fpu\libc_nano.a
END GROUP
START GROUP
LOAD c:/program files (x86)/atollic/truestudio for stm32 9.0.1/armtools/bin/../lib/gcc/arm-atollic-eabi/6.3.1/armv7e-m/fpu\libgcc.a
LOAD c:/program files (x86)/atollic/truestudio for stm32 9.0.1/armtools/bin/../lib/gcc/arm-atollic-eabi/6.3.1/../../../../arm-atollic-eabi/lib/armv7e-m/fpu\libc_nano.a
LOAD c:/program files (x86)/atollic/truestudio for stm32 9.0.1/armtools/bin/../lib/gcc/arm-atollic-eabi/6.3.1/../../../../arm-atollic-eabi/lib/armv7e-m/fpu\libnosys.a
END GROUP
START GROUP
LOAD c:/program files (x86)/atollic/truestudio for stm32 9.0.1/armtools/bin/../lib/gcc/arm-atollic-eabi/6.3.1/armv7e-m/fpu\libgcc.a
LOAD c:/program files (x86)/atollic/truestudio for stm32 9.0.1/armtools/bin/../lib/gcc/arm-atollic-eabi/6.3.1/../../../../arm-atollic-eabi/lib/armv7e-m/fpu\libc_nano.a
LOAD c:/program files (x86)/atollic/truestudio for stm32 9.0.1/armtools/bin/../lib/gcc/arm-atollic-eabi/6.3.1/../../../../arm-atollic-eabi/lib/armv7e-m/fpu\libnosys.a
END GROUP
LOAD c:/program files (x86)/atollic/truestudio for stm32 9.0.1/armtools/bin/../lib/gcc/arm-atollic-eabi/6.3.1/armv7e-m/fpu/crtend.o
LOAD c:/program files (x86)/atollic/truestudio for stm32 9.0.1/armtools/bin/../lib/gcc/arm-atollic-eabi/6.3.1/armv7e-m/fpu/crtn.o
                0x20018000                _estack = 0x20018000
                0x00000200                _Min_Heap_Size = 0x200
                0x00000400                _Min_Stack_Size = 0x400

.isr_vector     0x08000000      0x188
                0x08000000                . = ALIGN (0x4)
 *(.isr_vector)
 .isr_vector    0x08000000      0x188 startup\startup_stm32l476xx.o
                0x08000000                g_pfnVectors
                0x08000188                . = ALIGN (0x4)

.text           0x08000188     0x5330
                0x08000188                . = ALIGN (0x4)
 *(.text)
 .text          0x08000188       0x40 c:/program files (x86)/atollic/truestudio for stm32 9.0.1/armtools/bin/../lib/gcc/arm-atollic-eabi/6.3.1/armv7e-m/fpu/crtbegin.o
 .text          0x080001c8       0x30 c:/program files (x86)/atollic/truestudio for stm32 9.0.1/armtools/bin/../lib/gcc/arm-atollic-eabi/6.3.1/armv7e-m/fpu\libgcc.a(_aeabi_uldivmod.o)
                0x080001c8                __aeabi_uldivmod
 .text          0x080001f8      0x2dc c:/program files (x86)/atollic/truestudio for stm32 9.0.1/armtools/bin/../lib/gcc/arm-atollic-eabi/6.3.1/armv7e-m/fpu\libgcc.a(_udivmoddi4.o)
                0x080001f8                __udivmoddi4
 .text          0x080004d4        0x4 c:/program files (x86)/atollic/truestudio for stm32 9.0.1/armtools/bin/../lib/gcc/arm-atollic-eabi/6.3.1/armv7e-m/fpu\libgcc.a(_dvmd_tls.o)
                0x080004d4                __aeabi_idiv0
                0x080004d4                __aeabi_ldiv0
 *(.text*)
 .text.HAL_Init
                0x080004d8       0x40 Drivers\STM32L4xx_HAL_Driver\Src\stm32l4xx_hal.o
                0x080004d8                HAL_Init
 .text.HAL_InitTick
                0x08000518       0x48 Drivers\STM32L4xx_HAL_Driver\Src\stm32l4xx_hal.o
                0x08000518                HAL_InitTick
 .text.HAL_IncTick
                0x08000560       0x1c Drivers\STM32L4xx_HAL_Driver\Src\stm32l4xx_hal.o
                0x08000560                HAL_IncTick
 .text.HAL_GetTick
                0x0800057c       0x18 Drivers\STM32L4xx_HAL_Driver\Src\stm32l4xx_hal.o
                0x0800057c                HAL_GetTick
 .text.HAL_Delay
                0x08000594       0x3a Drivers\STM32L4xx_HAL_Driver\Src\stm32l4xx_hal.o
                0x08000594                HAL_Delay
 .text.LL_ADC_SetCommonClock
                0x080005ce       0x26 Drivers\STM32L4xx_HAL_Driver\Src\stm32l4xx_hal_adc.o
 .text.LL_ADC_SetCommonPathInternalCh
                0x080005f4       0x26 Drivers\STM32L4xx_HAL_Driver\Src\stm32l4xx_hal_adc.o
 .text.LL_ADC_GetCommonPathInternalCh
                0x0800061a       0x1c Drivers\STM32L4xx_HAL_Driver\Src\stm32l4xx_hal_adc.o
 *fill*         0x08000636        0x2 
 .text.LL_ADC_SetOffset
                0x08000638       0x44 Drivers\STM32L4xx_HAL_Driver\Src\stm32l4xx_hal_adc.o
 .text.LL_ADC_GetOffsetChannel
                0x0800067c       0x28 Drivers\STM32L4xx_HAL_Driver\Src\stm32l4xx_hal_adc.o
 .text.LL_ADC_SetOffsetState
                0x080006a4       0x30 Drivers\STM32L4xx_HAL_Driver\Src\stm32l4xx_hal_adc.o
 .text.LL_ADC_REG_IsTriggerSourceSWStart
                0x080006d4       0x26 Drivers\STM32L4xx_HAL_Driver\Src\stm32l4xx_hal_adc.o
 .text.LL_ADC_REG_SetSequencerRanks
                0x080006fa       0x52 Drivers\STM32L4xx_HAL_Driver\Src\stm32l4xx_hal_adc.o
 .text.LL_ADC_SetChannelSamplingTime
                0x0800074c       0x50 Drivers\STM32L4xx_HAL_Driver\Src\stm32l4xx_hal_adc.o
 .text.LL_ADC_SetChannelSingleDiff
                0x0800079c       0x48 Drivers\STM32L4xx_HAL_Driver\Src\stm32l4xx_hal_adc.o
 .text.LL_ADC_GetMultimode
                0x080007e4       0x1c Drivers\STM32L4xx_HAL_Driver\Src\stm32l4xx_hal_adc.o
 .text.LL_ADC_GetMultiDMATransfer
                0x08000800       0x1c Drivers\STM32L4xx_HAL_Driver\Src\stm32l4xx_hal_adc.o
 .text.LL_ADC_DisableDeepPowerDown
                0x0800081c       0x24 Drivers\STM32L4xx_HAL_Driver\Src\stm32l4xx_hal_adc.o
 .text.LL_ADC_IsDeepPowerDownEnabled
                0x08000840       0x28 Drivers\STM32L4xx_HAL_Driver\Src\stm32l4xx_hal_adc.o
 .text.LL_ADC_EnableInternalRegulator
                0x08000868       0x28 Drivers\STM32L4xx_HAL_Driver\Src\stm32l4xx_hal_adc.o
 .text.LL_ADC_IsInternalRegulatorEnabled
                0x08000890       0x28 Drivers\STM32L4xx_HAL_Driver\Src\stm32l4xx_hal_adc.o
 .text.LL_ADC_Enable
                0x080008b8       0x28 Drivers\STM32L4xx_HAL_Driver\Src\stm32l4xx_hal_adc.o
 .text.LL_ADC_Disable
                0x080008e0       0x28 Drivers\STM32L4xx_HAL_Driver\Src\stm32l4xx_hal_adc.o
 .text.LL_ADC_IsEnabled
                0x08000908       0x26 Drivers\STM32L4xx_HAL_Driver\Src\stm32l4xx_hal_adc.o
 .text.LL_ADC_IsDisableOngoing
                0x0800092e       0x26 Drivers\STM32L4xx_HAL_Driver\Src\stm32l4xx_hal_adc.o
 .text.LL_ADC_REG_StartConversion
                0x08000954       0x28 Drivers\STM32L4xx_HAL_Driver\Src\stm32l4xx_hal_adc.o
 .text.LL_ADC_REG_IsConversionOngoing
                0x0800097c       0x26 Drivers\STM32L4xx_HAL_Driver\Src\stm32l4xx_hal_adc.o
 .text.LL_ADC_INJ_IsConversionOngoing
                0x080009a2       0x26 Drivers\STM32L4xx_HAL_Driver\Src\stm32l4xx_hal_adc.o
 .text.HAL_ADC_Init
                0x080009c8      0x2a8 Drivers\STM32L4xx_HAL_Driver\Src\stm32l4xx_hal_adc.o
                0x080009c8                HAL_ADC_Init
 .text.HAL_ADC_Start
                0x08000c70      0x174 Drivers\STM32L4xx_HAL_Driver\Src\stm32l4xx_hal_adc.o
                0x08000c70                HAL_ADC_Start
 .text.HAL_ADC_PollForConversion
                0x08000de4      0x1a0 Drivers\STM32L4xx_HAL_Driver\Src\stm32l4xx_hal_adc.o
                0x08000de4                HAL_ADC_PollForConversion
 .text.HAL_ADC_GetValue
                0x08000f84       0x1a Drivers\STM32L4xx_HAL_Driver\Src\stm32l4xx_hal_adc.o
                0x08000f84                HAL_ADC_GetValue
 *fill*         0x08000f9e        0x2 
 .text.HAL_ADC_ConfigChannel
                0x08000fa0      0x6a8 Drivers\STM32L4xx_HAL_Driver\Src\stm32l4xx_hal_adc.o
                0x08000fa0                HAL_ADC_ConfigChannel
 .text.ADC_Enable
                0x08001648       0xb4 Drivers\STM32L4xx_HAL_Driver\Src\stm32l4xx_hal_adc.o
                0x08001648                ADC_Enable
 .text.ADC_Disable
                0x080016fc       0xb0 Drivers\STM32L4xx_HAL_Driver\Src\stm32l4xx_hal_adc.o
                0x080016fc                ADC_Disable
 .text.LL_ADC_IsCalibrationOnGoing
                0x080017ac       0x28 Drivers\STM32L4xx_HAL_Driver\Src\stm32l4xx_hal_adc_ex.o
 .text.HAL_ADCEx_Calibration_Start
                0x080017d4       0xd8 Drivers\STM32L4xx_HAL_Driver\Src\stm32l4xx_hal_adc_ex.o
                0x080017d4                HAL_ADCEx_Calibration_Start
 .text.NVIC_SetPriorityGrouping
                0x080018ac       0x48 Drivers\STM32L4xx_HAL_Driver\Src\stm32l4xx_hal_cortex.o
 .text.NVIC_GetPriorityGrouping
                0x080018f4       0x1c Drivers\STM32L4xx_HAL_Driver\Src\stm32l4xx_hal_cortex.o
 .text.NVIC_SetPriority
                0x08001910       0x54 Drivers\STM32L4xx_HAL_Driver\Src\stm32l4xx_hal_cortex.o
 .text.NVIC_EncodePriority
                0x08001964       0x62 Drivers\STM32L4xx_HAL_Driver\Src\stm32l4xx_hal_cortex.o
 *fill*         0x080019c6        0x2 
 .text.SysTick_Config
                0x080019c8       0x44 Drivers\STM32L4xx_HAL_Driver\Src\stm32l4xx_hal_cortex.o
 .text.HAL_NVIC_SetPriorityGrouping
                0x08001a0c       0x16 Drivers\STM32L4xx_HAL_Driver\Src\stm32l4xx_hal_cortex.o
                0x08001a0c                HAL_NVIC_SetPriorityGrouping
 .text.HAL_NVIC_SetPriority
                0x08001a22       0x38 Drivers\STM32L4xx_HAL_Driver\Src\stm32l4xx_hal_cortex.o
                0x08001a22                HAL_NVIC_SetPriority
 .text.HAL_SYSTICK_Config
                0x08001a5a       0x18 Drivers\STM32L4xx_HAL_Driver\Src\stm32l4xx_hal_cortex.o
                0x08001a5a                HAL_SYSTICK_Config
 *fill*         0x08001a72        0x2 
 .text.HAL_SYSTICK_CLKSourceConfig
                0x08001a74       0x38 Drivers\STM32L4xx_HAL_Driver\Src\stm32l4xx_hal_cortex.o
                0x08001a74                HAL_SYSTICK_CLKSourceConfig
 .text.HAL_SYSTICK_IRQHandler
                0x08001aac        0xc Drivers\STM32L4xx_HAL_Driver\Src\stm32l4xx_hal_cortex.o
                0x08001aac                HAL_SYSTICK_IRQHandler
 .text.HAL_SYSTICK_Callback
                0x08001ab8        0xe Drivers\STM32L4xx_HAL_Driver\Src\stm32l4xx_hal_cortex.o
                0x08001ab8                HAL_SYSTICK_Callback
 .text.HAL_DAC_Init
                0x08001ac6       0x44 Drivers\STM32L4xx_HAL_Driver\Src\stm32l4xx_hal_dac.o
                0x08001ac6                HAL_DAC_Init
 .text.HAL_DAC_Start
                0x08001b0a       0x9c Drivers\STM32L4xx_HAL_Driver\Src\stm32l4xx_hal_dac.o
                0x08001b0a                HAL_DAC_Start
 .text.HAL_DAC_SetValue
                0x08001ba6       0x4a Drivers\STM32L4xx_HAL_Driver\Src\stm32l4xx_hal_dac.o
                0x08001ba6                HAL_DAC_SetValue
 .text.HAL_DAC_ConfigChannel
                0x08001bf0      0x234 Drivers\STM32L4xx_HAL_Driver\Src\stm32l4xx_hal_dac.o
                0x08001bf0                HAL_DAC_ConfigChannel
 .text.HAL_GPIO_Init
                0x08001e24      0x350 Drivers\STM32L4xx_HAL_Driver\Src\stm32l4xx_hal_gpio.o
                0x08001e24                HAL_GPIO_Init
 .text.HAL_GPIO_WritePin
                0x08002174       0x30 Drivers\STM32L4xx_HAL_Driver\Src\stm32l4xx_hal_gpio.o
                0x08002174                HAL_GPIO_WritePin
 .text.HAL_PWREx_GetVoltageRange
                0x080021a4       0x1c Drivers\STM32L4xx_HAL_Driver\Src\stm32l4xx_hal_pwr_ex.o
                0x080021a4                HAL_PWREx_GetVoltageRange
 .text.HAL_PWREx_ControlVoltageScaling
                0x080021c0       0xac Drivers\STM32L4xx_HAL_Driver\Src\stm32l4xx_hal_pwr_ex.o
                0x080021c0                HAL_PWREx_ControlVoltageScaling
 .text.HAL_RCC_OscConfig
                0x0800226c      0x6c8 Drivers\STM32L4xx_HAL_Driver\Src\stm32l4xx_hal_rcc.o
                0x0800226c                HAL_RCC_OscConfig
 .text.HAL_RCC_ClockConfig
                0x08002934      0x1bc Drivers\STM32L4xx_HAL_Driver\Src\stm32l4xx_hal_rcc.o
                0x08002934                HAL_RCC_ClockConfig
 .text.HAL_RCC_GetSysClockFreq
                0x08002af0      0x138 Drivers\STM32L4xx_HAL_Driver\Src\stm32l4xx_hal_rcc.o
                0x08002af0                HAL_RCC_GetSysClockFreq
 .text.HAL_RCC_GetHCLKFreq
                0x08002c28       0x18 Drivers\STM32L4xx_HAL_Driver\Src\stm32l4xx_hal_rcc.o
                0x08002c28                HAL_RCC_GetHCLKFreq
 .text.HAL_RCC_GetPCLK1Freq
                0x08002c40       0x2c Drivers\STM32L4xx_HAL_Driver\Src\stm32l4xx_hal_rcc.o
                0x08002c40                HAL_RCC_GetPCLK1Freq
 .text.HAL_RCC_GetPCLK2Freq
                0x08002c6c       0x2c Drivers\STM32L4xx_HAL_Driver\Src\stm32l4xx_hal_rcc.o
                0x08002c6c                HAL_RCC_GetPCLK2Freq
 .text.RCC_SetFlashLatencyFromMSIRange
                0x08002c98       0xc0 Drivers\STM32L4xx_HAL_Driver\Src\stm32l4xx_hal_rcc.o
 .text.HAL_RCCEx_PeriphCLKConfig
                0x08002d58      0x5cc Drivers\STM32L4xx_HAL_Driver\Src\stm32l4xx_hal_rcc_ex.o
                0x08002d58                HAL_RCCEx_PeriphCLKConfig
 .text.RCCEx_PLLSAI1_Config
                0x08003324      0x1e0 Drivers\STM32L4xx_HAL_Driver\Src\stm32l4xx_hal_rcc_ex.o
 .text.RCCEx_PLLSAI2_Config
                0x08003504      0x1b4 Drivers\STM32L4xx_HAL_Driver\Src\stm32l4xx_hal_rcc_ex.o
 .text.HAL_TIM_PWM_Init
                0x080036b8       0x56 Drivers\STM32L4xx_HAL_Driver\Src\stm32l4xx_hal_tim.o
                0x080036b8                HAL_TIM_PWM_Init
 *fill*         0x0800370e        0x2 
 .text.HAL_TIM_PWM_ConfigChannel
                0x08003710      0x230 Drivers\STM32L4xx_HAL_Driver\Src\stm32l4xx_hal_tim.o
                0x08003710                HAL_TIM_PWM_ConfigChannel
 .text.TIM_Base_SetConfig
                0x08003940      0x134 Drivers\STM32L4xx_HAL_Driver\Src\stm32l4xx_hal_tim.o
                0x08003940                TIM_Base_SetConfig
 .text.TIM_OC1_SetConfig
                0x08003a74      0x120 Drivers\STM32L4xx_HAL_Driver\Src\stm32l4xx_hal_tim.o
 .text.TIM_OC2_SetConfig
                0x08003b94      0x114 Drivers\STM32L4xx_HAL_Driver\Src\stm32l4xx_hal_tim.o
                0x08003b94                TIM_OC2_SetConfig
 .text.TIM_OC3_SetConfig
                0x08003ca8      0x110 Drivers\STM32L4xx_HAL_Driver\Src\stm32l4xx_hal_tim.o
 .text.TIM_OC4_SetConfig
                0x08003db8       0xd4 Drivers\STM32L4xx_HAL_Driver\Src\stm32l4xx_hal_tim.o
 .text.TIM_OC5_SetConfig
                0x08003e8c       0xc8 Drivers\STM32L4xx_HAL_Driver\Src\stm32l4xx_hal_tim.o
 .text.TIM_OC6_SetConfig
                0x08003f54       0xcc Drivers\STM32L4xx_HAL_Driver\Src\stm32l4xx_hal_tim.o
 .text.HAL_TIMEx_MasterConfigSynchronization
                0x08004020       0xb8 Drivers\STM32L4xx_HAL_Driver\Src\stm32l4xx_hal_tim_ex.o
                0x08004020                HAL_TIMEx_MasterConfigSynchronization
 .text.HAL_TIMEx_ConfigBreakDeadTime
                0x080040d8       0xfc Drivers\STM32L4xx_HAL_Driver\Src\stm32l4xx_hal_tim_ex.o
                0x080040d8                HAL_TIMEx_ConfigBreakDeadTime
 .text.HAL_UART_Init
                0x080041d4       0xa2 Drivers\STM32L4xx_HAL_Driver\Src\stm32l4xx_hal_uart.o
                0x080041d4                HAL_UART_Init
 *fill*         0x08004276        0x2 
 .text.UART_SetConfig
                0x08004278      0x67c Drivers\STM32L4xx_HAL_Driver\Src\stm32l4xx_hal_uart.o
                0x08004278                UART_SetConfig
 .text.UART_AdvFeatureConfig
                0x080048f4      0x144 Drivers\STM32L4xx_HAL_Driver\Src\stm32l4xx_hal_uart.o
                0x080048f4                UART_AdvFeatureConfig
 .text.UART_CheckIdleState
                0x08004a38       0x92 Drivers\STM32L4xx_HAL_Driver\Src\stm32l4xx_hal_uart.o
                0x08004a38                UART_CheckIdleState
 .text.UART_WaitOnFlagUntilTimeout
                0x08004aca       0x94 Drivers\STM32L4xx_HAL_Driver\Src\stm32l4xx_hal_uart.o
                0x08004aca                UART_WaitOnFlagUntilTimeout
 *fill*         0x08004b5e        0x2 
 .text.main     0x08004b60       0x94 Src\main.o
                0x08004b60                main
 .text.SystemClock_Config
                0x08004bf4      0x124 Src\main.o
                0x08004bf4                SystemClock_Config
 .text.MX_ADC3_Init
                0x08004d18       0xe0 Src\main.o
 .text.MX_DAC1_Init
                0x08004df8       0x68 Src\main.o
 .text.MX_TIM8_Init
                0x08004e60      0x108 Src\main.o
 .text.MX_USART2_UART_Init
                0x08004f68       0x68 Src\main.o
 .text.MX_GPIO_Init
                0x08004fd0       0x94 Src\main.o
 .text.ADC3_Get_Value
                0x08005064       0x54 Src\main.o
                0x08005064                ADC3_Get_Value
 .text.DAC1_Set_Value
                0x080050b8       0x4c Src\main.o
                0x080050b8                DAC1_Set_Value
 .text._Error_Handler
                0x08005104        0xc Src\main.o
                0x08005104                _Error_Handler
 .text.HAL_MspInit
                0x08005110       0x9c Src\stm32l4xx_hal_msp.o
                0x08005110                HAL_MspInit
 .text.HAL_ADC_MspInit
                0x080051ac       0x58 Src\stm32l4xx_hal_msp.o
                0x080051ac                HAL_ADC_MspInit
 .text.HAL_DAC_MspInit
                0x08005204       0x54 Src\stm32l4xx_hal_msp.o
                0x08005204                HAL_DAC_MspInit
 .text.HAL_TIM_PWM_MspInit
                0x08005258       0x40 Src\stm32l4xx_hal_msp.o
                0x08005258                HAL_TIM_PWM_MspInit
 .text.HAL_TIM_MspPostInit
                0x08005298       0x44 Src\stm32l4xx_hal_msp.o
                0x08005298                HAL_TIM_MspPostInit
 .text.HAL_UART_MspInit
                0x080052dc       0x5c Src\stm32l4xx_hal_msp.o
                0x080052dc                HAL_UART_MspInit
 .text.NMI_Handler
                0x08005338        0xe Src\stm32l4xx_it.o
                0x08005338                NMI_Handler
 .text.HardFault_Handler
                0x08005346        0x6 Src\stm32l4xx_it.o
                0x08005346                HardFault_Handler
 .text.MemManage_Handler
                0x0800534c        0x6 Src\stm32l4xx_it.o
                0x0800534c                MemManage_Handler
 .text.BusFault_Handler
                0x08005352        0x6 Src\stm32l4xx_it.o
                0x08005352                BusFault_Handler
 .text.UsageFault_Handler
                0x08005358        0x6 Src\stm32l4xx_it.o
                0x08005358                UsageFault_Handler
 .text.SVC_Handler
                0x0800535e        0xe Src\stm32l4xx_it.o
                0x0800535e                SVC_Handler
 .text.DebugMon_Handler
                0x0800536c        0xe Src\stm32l4xx_it.o
                0x0800536c                DebugMon_Handler
 .text.PendSV_Handler
                0x0800537a        0xe Src\stm32l4xx_it.o
                0x0800537a                PendSV_Handler
 .text.SysTick_Handler
                0x08005388       0x10 Src\stm32l4xx_it.o
                0x08005388                SysTick_Handler
 .text.SystemInit
                0x08005398       0x6c Src\system_stm32l4xx.o
                0x08005398                SystemInit
 .text.Reset_Handler
                0x08005404       0x50 startup\startup_stm32l476xx.o
                0x08005404                Reset_Handler
 .text.Default_Handler
                0x08005454        0x2 startup\startup_stm32l476xx.o
                0x08005454                RTC_Alarm_IRQHandler
                0x08005454                EXTI2_IRQHandler
                0x08005454                TIM8_TRG_COM_IRQHandler
                0x08005454                TIM8_CC_IRQHandler
                0x08005454                TIM1_CC_IRQHandler
                0x08005454                TSC_IRQHandler
                0x08005454                TAMP_STAMP_IRQHandler
                0x08005454                EXTI3_IRQHandler
                0x08005454                LPTIM2_IRQHandler
                0x08005454                DFSDM1_FLT1_IRQHandler
                0x08005454                I2C3_ER_IRQHandler
                0x08005454                DFSDM1_FLT2_IRQHandler
                0x08005454                EXTI0_IRQHandler
                0x08005454                I2C2_EV_IRQHandler
                0x08005454                CAN1_RX0_IRQHandler
                0x08005454                FPU_IRQHandler
                0x08005454                TIM1_UP_TIM16_IRQHandler
                0x08005454                ADC1_2_IRQHandler
                0x08005454                SPI1_IRQHandler
                0x08005454                TIM6_DAC_IRQHandler
                0x08005454                TIM8_UP_IRQHandler
                0x08005454                DMA2_Channel2_IRQHandler
                0x08005454                DMA1_Channel4_IRQHandler
                0x08005454                SAI2_IRQHandler
                0x08005454                DFSDM1_FLT3_IRQHandler
                0x08005454                USART3_IRQHandler
                0x08005454                DMA1_Channel7_IRQHandler
                0x08005454                CAN1_RX1_IRQHandler
                0x08005454                LCD_IRQHandler
                0x08005454                UART5_IRQHandler
                0x08005454                ADC3_IRQHandler
                0x08005454                TIM4_IRQHandler
                0x08005454                DMA2_Channel1_IRQHandler
                0x08005454                QUADSPI_IRQHandler
                0x08005454                I2C1_EV_IRQHandler
                0x08005454                DMA1_Channel6_IRQHandler
                0x08005454                UART4_IRQHandler
                0x08005454                DMA2_Channel4_IRQHandler
                0x08005454                TIM3_IRQHandler
                0x08005454                RCC_IRQHandler
                0x08005454                DMA1_Channel1_IRQHandler
                0x08005454                Default_Handler
                0x08005454                DMA2_Channel7_IRQHandler
                0x08005454                EXTI15_10_IRQHandler
                0x08005454                TIM7_IRQHandler
                0x08005454                SDMMC1_IRQHandler
                0x08005454                TIM5_IRQHandler
                0x08005454                I2C3_EV_IRQHandler
                0x08005454                EXTI9_5_IRQHandler
                0x08005454                RTC_WKUP_IRQHandler
                0x08005454                PVD_PVM_IRQHandler
                0x08005454                SPI2_IRQHandler
                0x08005454                CAN1_TX_IRQHandler
                0x08005454                DMA2_Channel5_IRQHandler
                0x08005454                DMA1_Channel5_IRQHandler
                0x08005454                EXTI4_IRQHandler
                0x08005454                RNG_IRQHandler
                0x08005454                TIM1_TRG_COM_TIM17_IRQHandler
                0x08005454                DMA1_Channel3_IRQHandler
                0x08005454                COMP_IRQHandler
                0x08005454                WWDG_IRQHandler
                0x08005454                LPUART1_IRQHandler
                0x08005454                DMA2_Channel6_IRQHandler
                0x08005454                TIM2_IRQHandler
                0x08005454                EXTI1_IRQHandler
                0x08005454                USART2_IRQHandler
                0x08005454                DFSDM1_FLT0_IRQHandler
                0x08005454                I2C2_ER_IRQHandler
                0x08005454                DMA1_Channel2_IRQHandler
                0x08005454                TIM8_BRK_IRQHandler
                0x08005454                CAN1_SCE_IRQHandler
                0x08005454                FLASH_IRQHandler
                0x08005454                USART1_IRQHandler
                0x08005454                OTG_FS_IRQHandler
                0x08005454                SPI3_IRQHandler
                0x08005454                I2C1_ER_IRQHandler
                0x08005454                FMC_IRQHandler
                0x08005454                SWPMI1_IRQHandler
                0x08005454                LPTIM1_IRQHandler
                0x08005454                SAI1_IRQHandler
                0x08005454                DMA2_Channel3_IRQHandler
                0x08005454                TIM1_BRK_TIM15_IRQHandler
 *fill*         0x08005456        0x2 
 .text.__libc_init_array
                0x08005458       0x48 c:/program files (x86)/atollic/truestudio for stm32 9.0.1/armtools/bin/../lib/gcc/arm-atollic-eabi/6.3.1/../../../../arm-atollic-eabi/lib/armv7e-m/fpu\libc_nano.a(lib_a-init.o)
                0x08005458                __libc_init_array
 *(.glue_7)
 .glue_7        0x080054a0        0x0 linker stubs
 *(.glue_7t)
 .glue_7t       0x080054a0        0x0 linker stubs
 *(.eh_frame)
 .eh_frame      0x080054a0        0x0 c:/program files (x86)/atollic/truestudio for stm32 9.0.1/armtools/bin/../lib/gcc/arm-atollic-eabi/6.3.1/armv7e-m/fpu/crtbegin.o
 *(.init)
 .init          0x080054a0        0x4 c:/program files (x86)/atollic/truestudio for stm32 9.0.1/armtools/bin/../lib/gcc/arm-atollic-eabi/6.3.1/armv7e-m/fpu/crti.o
                0x080054a0                _init
 .init          0x080054a4        0x8 c:/program files (x86)/atollic/truestudio for stm32 9.0.1/armtools/bin/../lib/gcc/arm-atollic-eabi/6.3.1/armv7e-m/fpu/crtn.o
 *(.fini)
 .fini          0x080054ac        0x4 c:/program files (x86)/atollic/truestudio for stm32 9.0.1/armtools/bin/../lib/gcc/arm-atollic-eabi/6.3.1/armv7e-m/fpu/crti.o
                0x080054ac                _fini
 .fini          0x080054b0        0x8 c:/program files (x86)/atollic/truestudio for stm32 9.0.1/armtools/bin/../lib/gcc/arm-atollic-eabi/6.3.1/armv7e-m/fpu/crtn.o
                0x080054b8                . = ALIGN (0x4)
                0x080054b8                _etext = .

.vfp11_veneer   0x080054b8        0x0
 .vfp11_veneer  0x080054b8        0x0 linker stubs

.v4_bx          0x080054b8        0x0
 .v4_bx         0x080054b8        0x0 linker stubs

.iplt           0x080054b8        0x0
 .iplt          0x080054b8        0x0 c:/program files (x86)/atollic/truestudio for stm32 9.0.1/armtools/bin/../lib/gcc/arm-atollic-eabi/6.3.1/armv7e-m/fpu/crtbegin.o

.rodata         0x080054b8       0x58
                0x080054b8                . = ALIGN (0x4)
 *(.rodata)
 .rodata        0x080054b8        0xe Src\main.o
 *(.rodata*)
 *fill*         0x080054c6        0x2 
 .rodata.AHBPrescTable
                0x080054c8       0x10 Src\system_stm32l4xx.o
                0x080054c8                AHBPrescTable
 .rodata.APBPrescTable
                0x080054d8        0x8 Src\system_stm32l4xx.o
                0x080054d8                APBPrescTable
 .rodata.MSIRangeTable
                0x080054e0       0x30 Src\system_stm32l4xx.o
                0x080054e0                MSIRangeTable
                0x08005510                . = ALIGN (0x4)

.ARM.extab
 *(.ARM.extab* .gnu.linkonce.armextab.*)

.ARM            0x08005510        0x8
                0x08005510                __exidx_start = .
 *(.ARM.exidx*)
 .ARM.exidx     0x08005510        0x8 c:/program files (x86)/atollic/truestudio for stm32 9.0.1/armtools/bin/../lib/gcc/arm-atollic-eabi/6.3.1/armv7e-m/fpu\libgcc.a(_udivmoddi4.o)
                0x08005518                __exidx_end = .

.rel.dyn        0x08005518        0x0
 .rel.iplt      0x08005518        0x0 c:/program files (x86)/atollic/truestudio for stm32 9.0.1/armtools/bin/../lib/gcc/arm-atollic-eabi/6.3.1/armv7e-m/fpu/crtbegin.o

.preinit_array  0x08005518        0x0
                0x08005518                PROVIDE (__preinit_array_start, .)
 *(.preinit_array*)
                0x08005518                PROVIDE (__preinit_array_end, .)

.init_array     0x08005518        0x4
                0x08005518                PROVIDE (__init_array_start, .)
 *(SORT(.init_array.*))
 *(.init_array*)
 .init_array    0x08005518        0x4 c:/program files (x86)/atollic/truestudio for stm32 9.0.1/armtools/bin/../lib/gcc/arm-atollic-eabi/6.3.1/armv7e-m/fpu/crtbegin.o
                0x0800551c                PROVIDE (__init_array_end, .)

.fini_array     0x0800551c        0x4
                [!provide]                PROVIDE (__fini_array_start, .)
 *(SORT(.fini_array.*))
 *(.fini_array*)
 .fini_array    0x0800551c        0x4 c:/program files (x86)/atollic/truestudio for stm32 9.0.1/armtools/bin/../lib/gcc/arm-atollic-eabi/6.3.1/armv7e-m/fpu/crtbegin.o
                [!provide]                PROVIDE (__fini_array_end, .)
                0x08005520                _sidata = LOADADDR (.data)

.data           0x20000000        0x4 load address 0x08005520
                0x20000000                . = ALIGN (0x4)
                0x20000000                _sdata = .
 *(.data)
 *(.data*)
 .data.SystemCoreClock
                0x20000000        0x4 Src\system_stm32l4xx.o
                0x20000000                SystemCoreClock
                0x20000004                . = ALIGN (0x4)
                0x20000004                _edata = .

.igot.plt       0x20000004        0x0 load address 0x08005524
 .igot.plt      0x20000004        0x0 c:/program files (x86)/atollic/truestudio for stm32 9.0.1/armtools/bin/../lib/gcc/arm-atollic-eabi/6.3.1/armv7e-m/fpu/crtbegin.o
                0x20000004                . = ALIGN (0x4)

.bss            0x20000004      0x154 load address 0x08005524
                0x20000004                _sbss = .
                0x20000004                __bss_start__ = _sbss
 *(.bss)
 .bss           0x20000004       0x1c c:/program files (x86)/atollic/truestudio for stm32 9.0.1/armtools/bin/../lib/gcc/arm-atollic-eabi/6.3.1/armv7e-m/fpu/crtbegin.o
 *(.bss*)
 .bss.uhADCxConvertedValue
                0x20000020        0x2 Src\main.o
                0x20000020                uhADCxConvertedValue
 *(COMMON)
 *fill*         0x20000022        0x2 
 COMMON         0x20000024        0x4 Drivers\STM32L4xx_HAL_Driver\Src\stm32l4xx_hal.o
                0x20000024                uwTick
 COMMON         0x20000028      0x130 Src\main.o
                0x20000028                htim8
                0x20000068                hdac1
                0x2000007c                hadc3
                0x200000e0                huart2
                0x20000158                . = ALIGN (0x4)
                0x20000158                _ebss = .
                0x20000158                __bss_end__ = _ebss

._user_heap_stack
                0x20000158      0x600 load address 0x08005524
                0x20000158                . = ALIGN (0x4)
                [!provide]                PROVIDE (end, .)
                [!provide]                PROVIDE (_end, .)
                0x20000358                . = (. + _Min_Heap_Size)
 *fill*         0x20000158      0x200 
                0x20000758                . = (. + _Min_Stack_Size)
 *fill*         0x20000358      0x400 
                0x20000758                . = ALIGN (0x4)

/DISCARD/
 libc.a(*)
 libm.a(*)
 libgcc.a(*)

.ARM.attributes
                0x00000000       0x30
 *(.ARM.attributes)
 .ARM.attributes
                0x00000000       0x22 c:/program files (x86)/atollic/truestudio for stm32 9.0.1/armtools/bin/../lib/gcc/arm-atollic-eabi/6.3.1/armv7e-m/fpu/crti.o
 .ARM.attributes
                0x00000022       0x34 c:/program files (x86)/atollic/truestudio for stm32 9.0.1/armtools/bin/../lib/gcc/arm-atollic-eabi/6.3.1/armv7e-m/fpu/crtbegin.o
 .ARM.attributes
                0x00000056       0x39 Drivers\STM32L4xx_HAL_Driver\Src\stm32l4xx_hal.o
 .ARM.attributes
                0x0000008f       0x39 Drivers\STM32L4xx_HAL_Driver\Src\stm32l4xx_hal_adc.o
 .ARM.attributes
                0x000000c8       0x39 Drivers\STM32L4xx_HAL_Driver\Src\stm32l4xx_hal_adc_ex.o
 .ARM.attributes
                0x00000101       0x39 Drivers\STM32L4xx_HAL_Driver\Src\stm32l4xx_hal_cortex.o
 .ARM.attributes
                0x0000013a       0x39 Drivers\STM32L4xx_HAL_Driver\Src\stm32l4xx_hal_dac.o
 .ARM.attributes
                0x00000173       0x39 Drivers\STM32L4xx_HAL_Driver\Src\stm32l4xx_hal_gpio.o
 .ARM.attributes
                0x000001ac       0x39 Drivers\STM32L4xx_HAL_Driver\Src\stm32l4xx_hal_pwr_ex.o
 .ARM.attributes
                0x000001e5       0x39 Drivers\STM32L4xx_HAL_Driver\Src\stm32l4xx_hal_rcc.o
 .ARM.attributes
                0x0000021e       0x39 Drivers\STM32L4xx_HAL_Driver\Src\stm32l4xx_hal_rcc_ex.o
 .ARM.attributes
                0x00000257       0x39 Drivers\STM32L4xx_HAL_Driver\Src\stm32l4xx_hal_tim.o
 .ARM.attributes
                0x00000290       0x39 Drivers\STM32L4xx_HAL_Driver\Src\stm32l4xx_hal_tim_ex.o
 .ARM.attributes
                0x000002c9       0x39 Drivers\STM32L4xx_HAL_Driver\Src\stm32l4xx_hal_uart.o
 .ARM.attributes
                0x00000302       0x39 Src\main.o
 .ARM.attributes
                0x0000033b       0x39 Src\stm32l4xx_hal_msp.o
 .ARM.attributes
                0x00000374       0x39 Src\stm32l4xx_it.o
 .ARM.attributes
                0x000003ad       0x39 Src\system_stm32l4xx.o
 .ARM.attributes
                0x000003e6       0x21 startup\startup_stm32l476xx.o
 .ARM.attributes
                0x00000407       0x34 c:/program files (x86)/atollic/truestudio for stm32 9.0.1/armtools/bin/../lib/gcc/arm-atollic-eabi/6.3.1/../../../../arm-atollic-eabi/lib/armv7e-m/fpu\libc_nano.a(lib_a-init.o)
 .ARM.attributes
                0x0000043b       0x22 c:/program files (x86)/atollic/truestudio for stm32 9.0.1/armtools/bin/../lib/gcc/arm-atollic-eabi/6.3.1/armv7e-m/fpu\libgcc.a(_aeabi_uldivmod.o)
 .ARM.attributes
                0x0000045d       0x34 c:/program files (x86)/atollic/truestudio for stm32 9.0.1/armtools/bin/../lib/gcc/arm-atollic-eabi/6.3.1/armv7e-m/fpu\libgcc.a(_udivmoddi4.o)
 .ARM.attributes
                0x00000491       0x22 c:/program files (x86)/atollic/truestudio for stm32 9.0.1/armtools/bin/../lib/gcc/arm-atollic-eabi/6.3.1/armv7e-m/fpu\libgcc.a(_dvmd_tls.o)
 .ARM.attributes
                0x000004b3       0x22 c:/program files (x86)/atollic/truestudio for stm32 9.0.1/armtools/bin/../lib/gcc/arm-atollic-eabi/6.3.1/armv7e-m/fpu/crtn.o
OUTPUT(DAC_ADC_PWM_TEST.elf elf32-littlearm)

.debug_info     0x00000000    0x10b53
 .debug_info    0x00000000      0xb41 Drivers\STM32L4xx_HAL_Driver\Src\stm32l4xx_hal.o
 .debug_info    0x00000b41     0x1b39 Drivers\STM32L4xx_HAL_Driver\Src\stm32l4xx_hal_adc.o
 .debug_info    0x0000267a     0x18b9 Drivers\STM32L4xx_HAL_Driver\Src\stm32l4xx_hal_adc_ex.o
 .debug_info    0x00003f33      0xe09 Drivers\STM32L4xx_HAL_Driver\Src\stm32l4xx_hal_cortex.o
 .debug_info    0x00004d3c      0xaa7 Drivers\STM32L4xx_HAL_Driver\Src\stm32l4xx_hal_dac.o
 .debug_info    0x000057e3      0x854 Drivers\STM32L4xx_HAL_Driver\Src\stm32l4xx_hal_gpio.o
 .debug_info    0x00006037      0xa9d Drivers\STM32L4xx_HAL_Driver\Src\stm32l4xx_hal_pwr_ex.o
 .debug_info    0x00006ad4      0xbd0 Drivers\STM32L4xx_HAL_Driver\Src\stm32l4xx_hal_rcc.o
 .debug_info    0x000076a4      0xde2 Drivers\STM32L4xx_HAL_Driver\Src\stm32l4xx_hal_rcc_ex.o
 .debug_info    0x00008486     0x2345 Drivers\STM32L4xx_HAL_Driver\Src\stm32l4xx_hal_tim.o
 .debug_info    0x0000a7cb     0x11ed Drivers\STM32L4xx_HAL_Driver\Src\stm32l4xx_hal_tim_ex.o
 .debug_info    0x0000b9b8     0x1623 Drivers\STM32L4xx_HAL_Driver\Src\stm32l4xx_hal_uart.o
 .debug_info    0x0000cfdb     0x1c9e Src\main.o
 .debug_info    0x0000ec79     0x167c Src\stm32l4xx_hal_msp.o
 .debug_info    0x000102f5      0x1ec Src\stm32l4xx_it.o
 .debug_info    0x000104e1      0x5c9 Src\system_stm32l4xx.o
 .debug_info    0x00010aaa       0xa9 startup\startup_stm32l476xx.o

.debug_abbrev   0x00000000     0x1fd6
 .debug_abbrev  0x00000000      0x1da Drivers\STM32L4xx_HAL_Driver\Src\stm32l4xx_hal.o
 .debug_abbrev  0x000001da      0x254 Drivers\STM32L4xx_HAL_Driver\Src\stm32l4xx_hal_adc.o
 .debug_abbrev  0x0000042e      0x274 Drivers\STM32L4xx_HAL_Driver\Src\stm32l4xx_hal_adc_ex.o
 .debug_abbrev  0x000006a2      0x2be Drivers\STM32L4xx_HAL_Driver\Src\stm32l4xx_hal_cortex.o
 .debug_abbrev  0x00000960      0x1df Drivers\STM32L4xx_HAL_Driver\Src\stm32l4xx_hal_dac.o
 .debug_abbrev  0x00000b3f      0x1bb Drivers\STM32L4xx_HAL_Driver\Src\stm32l4xx_hal_gpio.o
 .debug_abbrev  0x00000cfa      0x1e4 Drivers\STM32L4xx_HAL_Driver\Src\stm32l4xx_hal_pwr_ex.o
 .debug_abbrev  0x00000ede      0x240 Drivers\STM32L4xx_HAL_Driver\Src\stm32l4xx_hal_rcc.o
 .debug_abbrev  0x0000111e      0x233 Drivers\STM32L4xx_HAL_Driver\Src\stm32l4xx_hal_rcc_ex.o
 .debug_abbrev  0x00001351      0x21e Drivers\STM32L4xx_HAL_Driver\Src\stm32l4xx_hal_tim.o
 .debug_abbrev  0x0000156f      0x226 Drivers\STM32L4xx_HAL_Driver\Src\stm32l4xx_hal_tim_ex.o
 .debug_abbrev  0x00001795      0x200 Drivers\STM32L4xx_HAL_Driver\Src\stm32l4xx_hal_uart.o
 .debug_abbrev  0x00001995      0x266 Src\main.o
 .debug_abbrev  0x00001bfb      0x1f1 Src\stm32l4xx_hal_msp.o
 .debug_abbrev  0x00001dec       0xa9 Src\stm32l4xx_it.o
 .debug_abbrev  0x00001e95      0x12f Src\system_stm32l4xx.o
 .debug_abbrev  0x00001fc4       0x12 startup\startup_stm32l476xx.o

.debug_aranges  0x00000000     0x11e0
 .debug_aranges
                0x00000000      0x118 Drivers\STM32L4xx_HAL_Driver\Src\stm32l4xx_hal.o
 .debug_aranges
                0x00000118      0x220 Drivers\STM32L4xx_HAL_Driver\Src\stm32l4xx_hal_adc.o
 .debug_aranges
                0x00000338      0x1a0 Drivers\STM32L4xx_HAL_Driver\Src\stm32l4xx_hal_adc_ex.o
 .debug_aranges
                0x000004d8      0x118 Drivers\STM32L4xx_HAL_Driver\Src\stm32l4xx_hal_cortex.o
 .debug_aranges
                0x000005f0       0xc0 Drivers\STM32L4xx_HAL_Driver\Src\stm32l4xx_hal_dac.o
 .debug_aranges
                0x000006b0       0x58 Drivers\STM32L4xx_HAL_Driver\Src\stm32l4xx_hal_gpio.o
 .debug_aranges
                0x00000708      0x148 Drivers\STM32L4xx_HAL_Driver\Src\stm32l4xx_hal_pwr_ex.o
 .debug_aranges
                0x00000850       0x88 Drivers\STM32L4xx_HAL_Driver\Src\stm32l4xx_hal_rcc.o
 .debug_aranges
                0x000008d8       0xc0 Drivers\STM32L4xx_HAL_Driver\Src\stm32l4xx_hal_rcc_ex.o
 .debug_aranges
                0x00000998      0x378 Drivers\STM32L4xx_HAL_Driver\Src\stm32l4xx_hal_tim.o
 .debug_aranges
                0x00000d10      0x158 Drivers\STM32L4xx_HAL_Driver\Src\stm32l4xx_hal_tim_ex.o
 .debug_aranges
                0x00000e68      0x1f8 Drivers\STM32L4xx_HAL_Driver\Src\stm32l4xx_hal_uart.o
 .debug_aranges
                0x00001060       0x68 Src\main.o
 .debug_aranges
                0x000010c8       0x68 Src\stm32l4xx_hal_msp.o
 .debug_aranges
                0x00001130       0x60 Src\stm32l4xx_it.o
 .debug_aranges
                0x00001190       0x28 Src\system_stm32l4xx.o
 .debug_aranges
                0x000011b8       0x28 startup\startup_stm32l476xx.o

.debug_ranges   0x00000000     0x10d8
 .debug_ranges  0x00000000      0x108 Drivers\STM32L4xx_HAL_Driver\Src\stm32l4xx_hal.o
 .debug_ranges  0x00000108      0x210 Drivers\STM32L4xx_HAL_Driver\Src\stm32l4xx_hal_adc.o
 .debug_ranges  0x00000318      0x190 Drivers\STM32L4xx_HAL_Driver\Src\stm32l4xx_hal_adc_ex.o
 .debug_ranges  0x000004a8      0x108 Drivers\STM32L4xx_HAL_Driver\Src\stm32l4xx_hal_cortex.o
 .debug_ranges  0x000005b0       0xb0 Drivers\STM32L4xx_HAL_Driver\Src\stm32l4xx_hal_dac.o
 .debug_ranges  0x00000660       0x48 Drivers\STM32L4xx_HAL_Driver\Src\stm32l4xx_hal_gpio.o
 .debug_ranges  0x000006a8      0x138 Drivers\STM32L4xx_HAL_Driver\Src\stm32l4xx_hal_pwr_ex.o
 .debug_ranges  0x000007e0       0x78 Drivers\STM32L4xx_HAL_Driver\Src\stm32l4xx_hal_rcc.o
 .debug_ranges  0x00000858       0xb0 Drivers\STM32L4xx_HAL_Driver\Src\stm32l4xx_hal_rcc_ex.o
 .debug_ranges  0x00000908      0x368 Drivers\STM32L4xx_HAL_Driver\Src\stm32l4xx_hal_tim.o
 .debug_ranges  0x00000c70      0x148 Drivers\STM32L4xx_HAL_Driver\Src\stm32l4xx_hal_tim_ex.o
 .debug_ranges  0x00000db8      0x1e8 Drivers\STM32L4xx_HAL_Driver\Src\stm32l4xx_hal_uart.o
 .debug_ranges  0x00000fa0       0x58 Src\main.o
 .debug_ranges  0x00000ff8       0x58 Src\stm32l4xx_hal_msp.o
 .debug_ranges  0x00001050       0x50 Src\stm32l4xx_it.o
 .debug_ranges  0x000010a0       0x18 Src\system_stm32l4xx.o
 .debug_ranges  0x000010b8       0x20 startup\startup_stm32l476xx.o

.debug_line     0x00000000     0x7bb8
 .debug_line    0x00000000      0x46a Drivers\STM32L4xx_HAL_Driver\Src\stm32l4xx_hal.o
 .debug_line    0x0000046a     0x102b Drivers\STM32L4xx_HAL_Driver\Src\stm32l4xx_hal_adc.o
 .debug_line    0x00001495      0xd49 Drivers\STM32L4xx_HAL_Driver\Src\stm32l4xx_hal_adc_ex.o
 .debug_line    0x000021de      0x53d Drivers\STM32L4xx_HAL_Driver\Src\stm32l4xx_hal_cortex.o
 .debug_line    0x0000271b      0x49b Drivers\STM32L4xx_HAL_Driver\Src\stm32l4xx_hal_dac.o
 .debug_line    0x00002bb6      0x3de Drivers\STM32L4xx_HAL_Driver\Src\stm32l4xx_hal_gpio.o
 .debug_line    0x00002f94      0x601 Drivers\STM32L4xx_HAL_Driver\Src\stm32l4xx_hal_pwr_ex.o
 .debug_line    0x00003595      0x536 Drivers\STM32L4xx_HAL_Driver\Src\stm32l4xx_hal_rcc.o
 .debug_line    0x00003acb      0x801 Drivers\STM32L4xx_HAL_Driver\Src\stm32l4xx_hal_rcc_ex.o
 .debug_line    0x000042cc     0x1610 Drivers\STM32L4xx_HAL_Driver\Src\stm32l4xx_hal_tim.o
 .debug_line    0x000058dc      0x90d Drivers\STM32L4xx_HAL_Driver\Src\stm32l4xx_hal_tim_ex.o
 .debug_line    0x000061e9      0xd6c Drivers\STM32L4xx_HAL_Driver\Src\stm32l4xx_hal_uart.o
 .debug_line    0x00006f55      0x3f4 Src\main.o
 .debug_line    0x00007349      0x361 Src\stm32l4xx_hal_msp.o
 .debug_line    0x000076aa      0x266 Src\stm32l4xx_it.o
 .debug_line    0x00007910      0x229 Src\system_stm32l4xx.o
 .debug_line    0x00007b39       0x7f startup\startup_stm32l476xx.o

.debug_str      0x00000000     0x582b
 .debug_str     0x00000000      0xc70 Drivers\STM32L4xx_HAL_Driver\Src\stm32l4xx_hal.o
                                0xd00 (size before relaxing)
 .debug_str     0x00000c70      0xd01 Drivers\STM32L4xx_HAL_Driver\Src\stm32l4xx_hal_adc.o
                               0x10f1 (size before relaxing)
 .debug_str     0x00001971      0x682 Drivers\STM32L4xx_HAL_Driver\Src\stm32l4xx_hal_adc_ex.o
                               0x1120 (size before relaxing)
 .debug_str     0x00001ff3      0x408 Drivers\STM32L4xx_HAL_Driver\Src\stm32l4xx_hal_cortex.o
                                0xca9 (size before relaxing)
 .debug_str     0x000023fb      0x3ee Drivers\STM32L4xx_HAL_Driver\Src\stm32l4xx_hal_dac.o
                                0x891 (size before relaxing)
 .debug_str     0x000027e9      0x1d3 Drivers\STM32L4xx_HAL_Driver\Src\stm32l4xx_hal_gpio.o
                                0x5fe (size before relaxing)
 .debug_str     0x000029bc      0x512 Drivers\STM32L4xx_HAL_Driver\Src\stm32l4xx_hal_pwr_ex.o
                                0x881 (size before relaxing)
 .debug_str     0x00002ece      0x351 Drivers\STM32L4xx_HAL_Driver\Src\stm32l4xx_hal_rcc.o
                                0x89a (size before relaxing)
 .debug_str     0x0000321f      0x562 Drivers\STM32L4xx_HAL_Driver\Src\stm32l4xx_hal_rcc_ex.o
                                0xadc (size before relaxing)
 .debug_str     0x00003781      0xf28 Drivers\STM32L4xx_HAL_Driver\Src\stm32l4xx_hal_tim.o
                               0x1443 (size before relaxing)
 .debug_str     0x000046a9      0x669 Drivers\STM32L4xx_HAL_Driver\Src\stm32l4xx_hal_tim_ex.o
                                0xe22 (size before relaxing)
 .debug_str     0x00004d12      0x923 Drivers\STM32L4xx_HAL_Driver\Src\stm32l4xx_hal_uart.o
                                0xf51 (size before relaxing)
 .debug_str     0x00005635       0xdd Src\main.o
                               0x1aff (size before relaxing)
 .debug_str     0x00005712       0x38 Src\stm32l4xx_hal_msp.o
                               0x1425 (size before relaxing)
 .debug_str     0x0000574a       0xa6 Src\stm32l4xx_it.o
                                0x2f0 (size before relaxing)
 .debug_str     0x000057f0       0x3b Src\system_stm32l4xx.o
                                0x44c (size before relaxing)

.comment        0x00000000       0x7c
 .comment       0x00000000       0x7c Drivers\STM32L4xx_HAL_Driver\Src\stm32l4xx_hal.o
                                 0x7d (size before relaxing)
 .comment       0x0000007c       0x7d Drivers\STM32L4xx_HAL_Driver\Src\stm32l4xx_hal_adc.o
 .comment       0x0000007c       0x7d Drivers\STM32L4xx_HAL_Driver\Src\stm32l4xx_hal_adc_ex.o
 .comment       0x0000007c       0x7d Drivers\STM32L4xx_HAL_Driver\Src\stm32l4xx_hal_cortex.o
 .comment       0x0000007c       0x7d Drivers\STM32L4xx_HAL_Driver\Src\stm32l4xx_hal_dac.o
 .comment       0x0000007c       0x7d Drivers\STM32L4xx_HAL_Driver\Src\stm32l4xx_hal_gpio.o
 .comment       0x0000007c       0x7d Drivers\STM32L4xx_HAL_Driver\Src\stm32l4xx_hal_pwr_ex.o
 .comment       0x0000007c       0x7d Drivers\STM32L4xx_HAL_Driver\Src\stm32l4xx_hal_rcc.o
 .comment       0x0000007c       0x7d Drivers\STM32L4xx_HAL_Driver\Src\stm32l4xx_hal_rcc_ex.o
 .comment       0x0000007c       0x7d Drivers\STM32L4xx_HAL_Driver\Src\stm32l4xx_hal_tim.o
 .comment       0x0000007c       0x7d Drivers\STM32L4xx_HAL_Driver\Src\stm32l4xx_hal_tim_ex.o
 .comment       0x0000007c       0x7d Drivers\STM32L4xx_HAL_Driver\Src\stm32l4xx_hal_uart.o
 .comment       0x0000007c       0x7d Src\main.o
 .comment       0x0000007c       0x7d Src\stm32l4xx_hal_msp.o
 .comment       0x0000007c       0x7d Src\stm32l4xx_it.o
 .comment       0x0000007c       0x7d Src\system_stm32l4xx.o

.debug_frame    0x00000000     0x4cc0
 .debug_frame   0x00000000      0x434 Drivers\STM32L4xx_HAL_Driver\Src\stm32l4xx_hal.o
 .debug_frame   0x00000434      0xa04 Drivers\STM32L4xx_HAL_Driver\Src\stm32l4xx_hal_adc.o
 .debug_frame   0x00000e38      0x77c Drivers\STM32L4xx_HAL_Driver\Src\stm32l4xx_hal_adc_ex.o
 .debug_frame   0x000015b4      0x498 Drivers\STM32L4xx_HAL_Driver\Src\stm32l4xx_hal_cortex.o
 .debug_frame   0x00001a4c      0x338 Drivers\STM32L4xx_HAL_Driver\Src\stm32l4xx_hal_dac.o
 .debug_frame   0x00001d84      0x14c Drivers\STM32L4xx_HAL_Driver\Src\stm32l4xx_hal_gpio.o
 .debug_frame   0x00001ed0      0x524 Drivers\STM32L4xx_HAL_Driver\Src\stm32l4xx_hal_pwr_ex.o
 .debug_frame   0x000023f4      0x1f4 Drivers\STM32L4xx_HAL_Driver\Src\stm32l4xx_hal_rcc.o
 .debug_frame   0x000025e8      0x2fc Drivers\STM32L4xx_HAL_Driver\Src\stm32l4xx_hal_rcc_ex.o
 .debug_frame   0x000028e4     0x101c Drivers\STM32L4xx_HAL_Driver\Src\stm32l4xx_hal_tim.o
 .debug_frame   0x00003900      0x5ec Drivers\STM32L4xx_HAL_Driver\Src\stm32l4xx_hal_tim_ex.o
 .debug_frame   0x00003eec      0x900 Drivers\STM32L4xx_HAL_Driver\Src\stm32l4xx_hal_uart.o
 .debug_frame   0x000047ec      0x164 Src\main.o
 .debug_frame   0x00004950      0x180 Src\stm32l4xx_hal_msp.o
 .debug_frame   0x00004ad0      0x10c Src\stm32l4xx_it.o
 .debug_frame   0x00004bdc       0x58 Src\system_stm32l4xx.o
 .debug_frame   0x00004c34       0x2c c:/program files (x86)/atollic/truestudio for stm32 9.0.1/armtools/bin/../lib/gcc/arm-atollic-eabi/6.3.1/../../../../arm-atollic-eabi/lib/armv7e-m/fpu\libc_nano.a(lib_a-init.o)
 .debug_frame   0x00004c60       0x2c c:/program files (x86)/atollic/truestudio for stm32 9.0.1/armtools/bin/../lib/gcc/arm-atollic-eabi/6.3.1/armv7e-m/fpu\libgcc.a(_aeabi_uldivmod.o)
 .debug_frame   0x00004c8c       0x34 c:/program files (x86)/atollic/truestudio for stm32 9.0.1/armtools/bin/../lib/gcc/arm-atollic-eabi/6.3.1/armv7e-m/fpu\libgcc.a(_udivmoddi4.o)
